2026-02-24 04:10:54 POST data:
Array
(
    [tipo_requisicion] => producto
    [solicitante] => Jefe de Tecnología
    [sub_almacen_id] => 1
    [fecha_solicitud] => 2026-02-24
    [justificacion] => 
    [servicios_ubicacion] => Array
        (
            [0] => 
        )

    [servicios_fecha] => Array
        (
            [0] => 
        )

    [servicios_prioridad] => Array
        (
            [0] => normal
        )

    [productos] => Array
        (
            [0] => otro
            [1] => otro
            [2] => otro
            [3] => otro
        )

    [productos_nombre_custom] => Array
        (
            [0] => Cpu Intel
            [1] => Jabon Roma
            [2] => Jabon Ariel 
            [3] => AAAAA
        )

    [cantidades] => Array
        (
            [0] => 1
            [1] => 1
            [2] => 1
            [3] => 1
        )

    [unidades] => Array
        (
            [0] => pieza
            [1] => bolsa
            [2] => litro
            [3] => metro
        )

)


Datos procesados:
Array
(
    [sub_almacen_id] => 1
    [usuario_id] => 5
    [solicitante] => Jefe de Tecnología
    [fecha_solicitud] => 2026-02-24
    [observaciones] => 
    [tipo_requisicion] => producto
    [productos] => Array
        (
            [0] => otro
            [1] => otro
            [2] => otro
            [3] => otro
        )

    [cantidades] => Array
        (
            [0] => 1
            [1] => 1
            [2] => 1
            [3] => 1
        )

    [unidades] => Array
        (
            [0] => pieza
            [1] => bolsa
            [2] => litro
            [3] => metro
        )

    [productos_nombre] => Array
        (
            [0] => Cpu Intel
            [1] => Jabon Roma
            [2] => Jabon Ariel 
            [3] => AAAAA
        )

)


2026-02-24 04:12:27 POST data:
Array
(
    [tipo_requisicion] => producto
    [solicitante] => Jefe de Tecnología
    [sub_almacen_id] => 1
    [fecha_solicitud] => 2026-02-24
    [justificacion] => 
    [servicios_ubicacion] => Array
        (
            [0] => 
        )

    [servicios_fecha] => Array
        (
            [0] => 
        )

    [servicios_prioridad] => Array
        (
            [0] => normal
        )

    [productos] => Array
        (
            [0] => 18
            [1] => 9
            [2] => otro
            [3] => otro
            [4] => otro
        )

    [productos_nombre_custom] => Array
        (
            [0] => 
            [1] => 
            [2] => qq
            [3] => dsd
            [4] => ddda
        )

    [cantidades] => Array
        (
            [0] => 1
            [1] => 1
            [2] => 1
            [3] => 1
            [4] => 1
        )

    [unidades] => Array
        (
            [0] => par
            [1] => kilogramo
            [2] => millar
            [3] => paquete
            [4] => paquete
        )

)


Datos procesados:
Array
(
    [sub_almacen_id] => 1
    [usuario_id] => 5
    [solicitante] => Jefe de Tecnología
    [fecha_solicitud] => 2026-02-24
    [observaciones] => 
    [tipo_requisicion] => producto
    [productos] => Array
        (
            [0] => 18
            [1] => 9
            [2] => otro
            [3] => otro
            [4] => otro
        )

    [cantidades] => Array
        (
            [0] => 1
            [1] => 1
            [2] => 1
            [3] => 1
            [4] => 1
        )

    [unidades] => Array
        (
            [0] => par
            [1] => kilogramo
            [2] => millar
            [3] => paquete
            [4] => paquete
        )

    [productos_nombre] => Array
        (
            [0] => 
            [1] => 
            [2] => qq
            [3] => dsd
            [4] => ddda
        )

)


