2026-03-17 02:33:11 - Detalles: Array
(
    [0] => Array
        (
            [id] => 113
            [requisicion_id] => 46
            [producto_id] => 
            [producto_nombre] => dddddddds
            [cantidad] => 1
            [unidad] => paquete
            [justificacion] => 
            [precio_cotizado] => 123.00
            [proveedor_id] => 1
            [aprobado] => 1
            [justificacion_rechazo] => 
            [precio_unitario] => 
            [codigo_original] => 
            [proveedor_nombre] => Proveedor General
        )

    [1] => Array
        (
            [id] => 114
            [requisicion_id] => 46
            [producto_id] => 
            [producto_nombre] => dasadassaasasdsad
            [cantidad] => 1
            [unidad] => pieza
            [justificacion] => 
            [precio_cotizado] => 1231.00
            [proveedor_id] => 3
            [aprobado] => 1
            [justificacion_rechazo] => 
            [precio_unitario] => 
            [codigo_original] => 
            [proveedor_nombre] => Limpieza Total
        )

)

